
Program exited with code: 0
===== instructions retired
1048583
===== wall-clock model execution time (ms)
3505
===== simulation information (processor configuration, input file, ...)
ISA extensions: 
processor: RV32_5S
source file: baseline-measurements/probe-RV32_5S-262144.s


        3.60 real         3.56 user         0.03 sys
           134316032  maximum resident set size
                   0  average shared memory size
                   0  average unshared data size
                   0  average unshared stack size
               10938  page reclaims
                  34  page faults
                   0  swaps
                   0  block input operations
                   0  block output operations
                   1  messages sent
                   0  messages received
                   0  signals received
                   0  voluntary context switches
                 648  involuntary context switches
         33744335207  instructions retired
         11298251397  cycles elapsed
            81806248  peak memory footprint

Host exit code: 0
