
Program exited with code: 0
===== instructions retired
65543
===== wall-clock model execution time (ms)
225
===== simulation information (processor configuration, input file, ...)
ISA extensions: 
processor: RV32_5S
source file: baseline-measurements/probe-RV32_5S-16384.s


        0.31 real         0.28 user         0.02 sys
            69943296  maximum resident set size
                   0  average shared memory size
                   0  average unshared data size
                   0  average unshared stack size
                6999  page reclaims
                  34  page faults
                   0  swaps
                   0  block input operations
                   0  block output operations
                   1  messages sent
                   0  messages received
                   0  signals received
                   0  voluntary context switches
                 619  involuntary context switches
          2836283768  instructions retired
           982535513  cycles elapsed
            17220448  peak memory footprint

Host exit code: 0
