
Program exited with code: 0
===== instructions retired
1048583
===== wall-clock model execution time (ms)
64
===== simulation information (processor configuration, input file, ...)
ISA extensions: 
processor: RV32_ISS
source file: baseline-measurements/probe-RV32_ISS-262144.s


        0.15 real         0.12 user         0.02 sys
           124796928  maximum resident set size
                   0  average shared memory size
                   0  average unshared data size
                   0  average unshared stack size
               10347  page reclaims
                  34  page faults
                   0  swaps
                   0  block input operations
                   0  block output operations
                   1  messages sent
                   0  messages received
                   0  signals received
                   5  voluntary context switches
                 584  involuntary context switches
          1682701839  instructions retired
           457328090  cycles elapsed
            72434576  peak memory footprint

Host exit code: 0
