
Program exited with code: 0
===== instructions retired
65543
===== wall-clock model execution time (ms)
230
===== simulation information (processor configuration, input file, ...)
ISA extensions: 
processor: RV32_5S
source file: baseline-measurements/probe-RV32_5S-16384.s


        0.32 real         0.29 user         0.02 sys
            70139904  maximum resident set size
                   0  average shared memory size
                   0  average unshared data size
                   0  average unshared stack size
                7010  page reclaims
                  34  page faults
                   0  swaps
                   0  block input operations
                   0  block output operations
                   1  messages sent
                   0  messages received
                   0  signals received
                   0  voluntary context switches
                 614  involuntary context switches
          2827846969  instructions retired
           982998423  cycles elapsed
            17498976  peak memory footprint

Host exit code: 0
