
Program exited with code: 0
===== instructions retired
1048583
===== wall-clock model execution time (ms)
60
===== simulation information (processor configuration, input file, ...)
ISA extensions: 
processor: RV32_ISS
source file: baseline-measurements/probe-RV32_ISS-262144.s


        0.15 real         0.12 user         0.02 sys
           124846080  maximum resident set size
                   0  average shared memory size
                   0  average unshared data size
                   0  average unshared stack size
               10350  page reclaims
                  34  page faults
                   0  swaps
                   0  block input operations
                   0  block output operations
                   1  messages sent
                   0  messages received
                   0  signals received
                   0  voluntary context switches
                 594  involuntary context switches
          1695001846  instructions retired
           455347494  cycles elapsed
            72516496  peak memory footprint

Host exit code: 0
