H1 PASS: every state's heuristic <= exact BFS distance
depth 0: 1
depth 1: 9
depth 2: 54
depth 3: 321
depth 4: 1847
depth 5: 9992
depth 6: 50136
depth 7: 227536
depth 8: 870072
depth 9: 1887748
depth 10: 623800
depth 11: 2644
H3 progress 100000/3674160
H3 progress 200000/3674160
H3 progress 300000/3674160
H3 progress 400000/3674160
H3 progress 500000/3674160
H3 progress 600000/3674160
H3 progress 700000/3674160
H3 progress 800000/3674160
H3 progress 900000/3674160
H3 progress 1000000/3674160
H3 progress 1100000/3674160
H3 progress 1200000/3674160
H3 progress 1300000/3674160
H3 progress 1400000/3674160
H3 progress 1500000/3674160
H3 progress 1600000/3674160
H3 progress 1700000/3674160
H3 progress 1800000/3674160
H3 progress 1900000/3674160
H3 progress 2000000/3674160
H3 progress 2100000/3674160
H3 progress 2200000/3674160
H3 progress 2300000/3674160
H3 progress 2400000/3674160
H3 progress 2500000/3674160
H3 progress 2600000/3674160
H3 progress 2700000/3674160
H3 progress 2800000/3674160
H3 progress 2900000/3674160
H3 progress 3000000/3674160
H3 progress 3100000/3674160
H3 progress 3200000/3674160
H3 progress 3300000/3674160
H3 progress 3400000/3674160
H3 progress 3500000/3674160
H3 progress 3600000/3674160
H3 PASS: checked 3674160 optimal paths; max candidates=81366 at rank=1137240; total=3339230008; CPU seconds=43.905
Worst candidate-count vector: 32145671111111
